Component: ARM Compiler 5.06 update 6 (build 750) Tool: armlink [4d35ed]

==============================================================================

Section Cross References

    arm_fft_bin_example_f32.o(.text) refers to arm_cfft_f32.o(.text) for arm_cfft_f32
    arm_fft_bin_example_f32.o(.text) refers to arm_cmplx_mag_f32.o(.text) for arm_cmplx_mag_f32
    arm_fft_bin_example_f32.o(.text) refers to arm_max_f32.o(.text) for arm_max_f32
    arm_fft_bin_example_f32.o(.text) refers to arm_fft_bin_example_f32.o(.data) for doBitReverse
    arm_fft_bin_example_f32.o(.text) refers to arm_fft_bin_data.o(.data) for testInput_f32_10khz
    arm_fft_bin_example_f32.o(.text) refers to arm_const_structs.o(.constdata) for arm_cfft_sR_f32_len1024
    arm_fft_bin_example_f32.o(.text) refers to arm_fft_bin_example_f32.o(.bss) for testOutput
    startup_mk64f12.o(STACK) refers (Special) to heapauxi.o(.text) for __use_two_region_memory
    startup_mk64f12.o(HEAP) refers (Special) to heapauxi.o(.text) for __use_two_region_memory
    startup_mk64f12.o(RESET) refers (Special) to heapauxi.o(.text) for __use_two_region_memory
    startup_mk64f12.o(RESET) refers to startup_mk64f12.o(STACK) for __initial_sp
    startup_mk64f12.o(RESET) refers to startup_mk64f12.o(.text) for Reset_Handler
    startup_mk64f12.o(.ARM.__at_0x400) refers (Special) to heapauxi.o(.text) for __use_two_region_memory
    startup_mk64f12.o(.text) refers (Special) to heapauxi.o(.text) for __use_two_region_memory
    startup_mk64f12.o(.text) refers to system_mk64f12.o(.text) for SystemInit
    startup_mk64f12.o(.text) refers to __main.o(!!!main) for __main
    startup_mk64f12.o(.text) refers to startup_mk64f12.o(HEAP) for Heap_Mem
    startup_mk64f12.o(.text) refers to startup_mk64f12.o(STACK) for Stack_Mem
    system_mk64f12.o(.text) refers to system_mk64f12.o(.data) for SystemCoreClock
    arm_cfft_f32.o(.text) refers to arm_cfft_radix8_f32.o(.text) for arm_radix8_butterfly_f32
    arm_cfft_f32.o(.text) refers to arm_bitreversal2.o(. text) for arm_bitreversal_32
    arm_const_structs.o(.constdata) refers to arm_common_tables.o(.constdata) for twiddleCoef_16
    arm_const_structs.o(.constdata) refers to arm_common_tables.o(.constdata) for armBitRevIndexTable16
    arm_const_structs.o(.constdata) refers to arm_common_tables.o(.constdata) for twiddleCoef_32
    arm_const_structs.o(.constdata) refers to arm_common_tables.o(.constdata) for armBitRevIndexTable32
    arm_const_structs.o(.constdata) refers to arm_common_tables.o(.constdata) for twiddleCoef_64
    arm_const_structs.o(.constdata) refers to arm_common_tables.o(.constdata) for armBitRevIndexTable64
    arm_const_structs.o(.constdata) refers to arm_common_tables.o(.constdata) for twiddleCoef_128
    arm_const_structs.o(.constdata) refers to arm_common_tables.o(.constdata) for armBitRevIndexTable128
    arm_const_structs.o(.constdata) refers to arm_common_tables.o(.constdata) for twiddleCoef_256
    arm_const_structs.o(.constdata) refers to arm_common_tables.o(.constdata) for armBitRevIndexTable256
    arm_const_structs.o(.constdata) refers to arm_common_tables.o(.constdata) for twiddleCoef_512
    arm_const_structs.o(.constdata) refers to arm_common_tables.o(.constdata) for armBitRevIndexTable512
    arm_const_structs.o(.constdata) refers to arm_common_tables.o(.constdata) for twiddleCoef_1024
    arm_const_structs.o(.constdata) refers to arm_common_tables.o(.constdata) for armBitRevIndexTable1024
    arm_const_structs.o(.constdata) refers to arm_common_tables.o(.constdata) for twiddleCoef_2048
    arm_const_structs.o(.constdata) refers to arm_common_tables.o(.constdata) for armBitRevIndexTable2048
    arm_const_structs.o(.constdata) refers to arm_common_tables.o(.constdata) for twiddleCoef_4096
    arm_const_structs.o(.constdata) refers to arm_common_tables.o(.constdata) for armBitRevIndexTable4096
    arm_const_structs.o(.constdata) refers to arm_common_tables.o(.constdata) for twiddleCoef_16_q31
    arm_const_structs.o(.constdata) refers to arm_common_tables.o(.constdata) for armBitRevIndexTable_fixed_16
    arm_const_structs.o(.constdata) refers to arm_common_tables.o(.constdata) for twiddleCoef_32_q31
    arm_const_structs.o(.constdata) refers to arm_common_tables.o(.constdata) for armBitRevIndexTable_fixed_32
    arm_const_structs.o(.constdata) refers to arm_common_tables.o(.constdata) for twiddleCoef_64_q31
    arm_const_structs.o(.constdata) refers to arm_common_tables.o(.constdata) for armBitRevIndexTable_fixed_64
    arm_const_structs.o(.constdata) refers to arm_common_tables.o(.constdata) for twiddleCoef_128_q31
    arm_const_structs.o(.constdata) refers to arm_common_tables.o(.constdata) for armBitRevIndexTable_fixed_128
    arm_const_structs.o(.constdata) refers to arm_common_tables.o(.constdata) for twiddleCoef_256_q31
    arm_const_structs.o(.constdata) refers to arm_common_tables.o(.constdata) for armBitRevIndexTable_fixed_256
    arm_const_structs.o(.constdata) refers to arm_common_tables.o(.constdata) for twiddleCoef_512_q31
    arm_const_structs.o(.constdata) refers to arm_common_tables.o(.constdata) for armBitRevIndexTable_fixed_512
    arm_const_structs.o(.constdata) refers to arm_common_tables.o(.constdata) for twiddleCoef_1024_q31
    arm_const_structs.o(.constdata) refers to arm_common_tables.o(.constdata) for armBitRevIndexTable_fixed_1024
    arm_const_structs.o(.constdata) refers to arm_common_tables.o(.constdata) for twiddleCoef_2048_q31
    arm_const_structs.o(.constdata) refers to arm_common_tables.o(.constdata) for armBitRevIndexTable_fixed_2048
    arm_const_structs.o(.constdata) refers to arm_common_tables.o(.constdata) for twiddleCoef_4096_q31
    arm_const_structs.o(.constdata) refers to arm_common_tables.o(.constdata) for armBitRevIndexTable_fixed_4096
    arm_const_structs.o(.constdata) refers to arm_common_tables.o(.constdata) for twiddleCoef_16_q15
    arm_const_structs.o(.constdata) refers to arm_common_tables.o(.constdata) for armBitRevIndexTable_fixed_16
    arm_const_structs.o(.constdata) refers to arm_common_tables.o(.constdata) for twiddleCoef_32_q15
    arm_const_structs.o(.constdata) refers to arm_common_tables.o(.constdata) for armBitRevIndexTable_fixed_32
    arm_const_structs.o(.constdata) refers to arm_common_tables.o(.constdata) for twiddleCoef_64_q15
    arm_const_structs.o(.constdata) refers to arm_common_tables.o(.constdata) for armBitRevIndexTable_fixed_64
    arm_const_structs.o(.constdata) refers to arm_common_tables.o(.constdata) for twiddleCoef_128_q15
    arm_const_structs.o(.constdata) refers to arm_common_tables.o(.constdata) for armBitRevIndexTable_fixed_128
    arm_const_structs.o(.constdata) refers to arm_common_tables.o(.constdata) for twiddleCoef_256_q15
    arm_const_structs.o(.constdata) refers to arm_common_tables.o(.constdata) for armBitRevIndexTable_fixed_256
    arm_const_structs.o(.constdata) refers to arm_common_tables.o(.constdata) for twiddleCoef_512_q15
    arm_const_structs.o(.constdata) refers to arm_common_tables.o(.constdata) for armBitRevIndexTable_fixed_512
    arm_const_structs.o(.constdata) refers to arm_common_tables.o(.constdata) for twiddleCoef_1024_q15
    arm_const_structs.o(.constdata) refers to arm_common_tables.o(.constdata) for armBitRevIndexTable_fixed_1024
    arm_const_structs.o(.constdata) refers to arm_common_tables.o(.constdata) for twiddleCoef_2048_q15
    arm_const_structs.o(.constdata) refers to arm_common_tables.o(.constdata) for armBitRevIndexTable_fixed_2048
    arm_const_structs.o(.constdata) refers to arm_common_tables.o(.constdata) for twiddleCoef_4096_q15
    arm_const_structs.o(.constdata) refers to arm_common_tables.o(.constdata) for armBitRevIndexTable_fixed_4096
    arm_const_structs.o(.constdata) refers to arm_common_tables.o(.constdata) for twiddleCoef_32
    arm_const_structs.o(.constdata) refers to arm_common_tables.o(.constdata) for armBitRevIndexTable32
    arm_const_structs.o(.constdata) refers to arm_common_tables.o(.constdata) for twiddleCoef_rfft_32
    arm_const_structs.o(.constdata) refers to arm_common_tables.o(.constdata) for twiddleCoef_32
    arm_const_structs.o(.constdata) refers to arm_common_tables.o(.constdata) for armBitRevIndexTable32
    arm_const_structs.o(.constdata) refers to arm_common_tables.o(.constdata) for twiddleCoef_rfft_64
    arm_const_structs.o(.constdata) refers to arm_common_tables.o(.constdata) for twiddleCoef_64
    arm_const_structs.o(.constdata) refers to arm_common_tables.o(.constdata) for armBitRevIndexTable64
    arm_const_structs.o(.constdata) refers to arm_common_tables.o(.constdata) for twiddleCoef_rfft_128
    arm_const_structs.o(.constdata) refers to arm_common_tables.o(.constdata) for twiddleCoef_128
    arm_const_structs.o(.constdata) refers to arm_common_tables.o(.constdata) for armBitRevIndexTable128
    arm_const_structs.o(.constdata) refers to arm_common_tables.o(.constdata) for twiddleCoef_rfft_256
    arm_const_structs.o(.constdata) refers to arm_common_tables.o(.constdata) for twiddleCoef_256
    arm_const_structs.o(.constdata) refers to arm_common_tables.o(.constdata) for armBitRevIndexTable256
    arm_const_structs.o(.constdata) refers to arm_common_tables.o(.constdata) for twiddleCoef_rfft_512
    arm_const_structs.o(.constdata) refers to arm_common_tables.o(.constdata) for twiddleCoef_512
    arm_const_structs.o(.constdata) refers to arm_common_tables.o(.constdata) for armBitRevIndexTable512
    arm_const_structs.o(.constdata) refers to arm_common_tables.o(.constdata) for twiddleCoef_rfft_1024
    arm_const_structs.o(.constdata) refers to arm_common_tables.o(.constdata) for twiddleCoef_1024
    arm_const_structs.o(.constdata) refers to arm_common_tables.o(.constdata) for armBitRevIndexTable1024
    arm_const_structs.o(.constdata) refers to arm_common_tables.o(.constdata) for twiddleCoef_rfft_2048
    arm_const_structs.o(.constdata) refers to arm_common_tables.o(.constdata) for twiddleCoef_2048
    arm_const_structs.o(.constdata) refers to arm_common_tables.o(.constdata) for armBitRevIndexTable2048
    arm_const_structs.o(.constdata) refers to arm_common_tables.o(.constdata) for twiddleCoef_rfft_4096
    arm_const_structs.o(.constdata) refers to arm_rfft_init_q31.o(.constdata) for realCoefAQ31
    arm_const_structs.o(.constdata) refers to arm_const_structs.o(.constdata) for arm_cfft_sR_q31_len16
    arm_const_structs.o(.constdata) refers to arm_rfft_init_q31.o(.constdata) for realCoefAQ31
    arm_const_structs.o(.constdata) refers to arm_const_structs.o(.constdata) for arm_cfft_sR_q31_len32
    arm_const_structs.o(.constdata) refers to arm_rfft_init_q31.o(.constdata) for realCoefAQ31
    arm_const_structs.o(.constdata) refers to arm_const_structs.o(.constdata) for arm_cfft_sR_q31_len64
    arm_const_structs.o(.constdata) refers to arm_rfft_init_q31.o(.constdata) for realCoefAQ31
    arm_const_structs.o(.constdata) refers to arm_const_structs.o(.constdata) for arm_cfft_sR_q31_len128
    arm_const_structs.o(.constdata) refers to arm_rfft_init_q31.o(.constdata) for realCoefAQ31
    arm_const_structs.o(.constdata) refers to arm_const_structs.o(.constdata) for arm_cfft_sR_q31_len256
    arm_const_structs.o(.constdata) refers to arm_rfft_init_q31.o(.constdata) for realCoefAQ31
    arm_const_structs.o(.constdata) refers to arm_const_structs.o(.constdata) for arm_cfft_sR_q31_len512
    arm_const_structs.o(.constdata) refers to arm_rfft_init_q31.o(.constdata) for realCoefAQ31
    arm_const_structs.o(.constdata) refers to arm_const_structs.o(.constdata) for arm_cfft_sR_q31_len1024
    arm_const_structs.o(.constdata) refers to arm_rfft_init_q31.o(.constdata) for realCoefAQ31
    arm_const_structs.o(.constdata) refers to arm_const_structs.o(.constdata) for arm_cfft_sR_q31_len2048
    arm_const_structs.o(.constdata) refers to arm_rfft_init_q31.o(.constdata) for realCoefAQ31
    arm_const_structs.o(.constdata) refers to arm_const_structs.o(.constdata) for arm_cfft_sR_q31_len4096
    arm_const_structs.o(.constdata) refers to arm_rfft_init_q15.o(.constdata) for realCoefAQ15
    arm_const_structs.o(.constdata) refers to arm_const_structs.o(.constdata) for arm_cfft_sR_q15_len16
    arm_const_structs.o(.constdata) refers to arm_rfft_init_q15.o(.constdata) for realCoefAQ15
    arm_const_structs.o(.constdata) refers to arm_const_structs.o(.constdata) for arm_cfft_sR_q15_len32
    arm_const_structs.o(.constdata) refers to arm_rfft_init_q15.o(.constdata) for realCoefAQ15
    arm_const_structs.o(.constdata) refers to arm_const_structs.o(.constdata) for arm_cfft_sR_q15_len64
    arm_const_structs.o(.constdata) refers to arm_rfft_init_q15.o(.constdata) for realCoefAQ15
    arm_const_structs.o(.constdata) refers to arm_const_structs.o(.constdata) for arm_cfft_sR_q15_len128
    arm_const_structs.o(.constdata) refers to arm_rfft_init_q15.o(.constdata) for realCoefAQ15
    arm_const_structs.o(.constdata) refers to arm_const_structs.o(.constdata) for arm_cfft_sR_q15_len256
    arm_const_structs.o(.constdata) refers to arm_rfft_init_q15.o(.constdata) for realCoefAQ15
    arm_const_structs.o(.constdata) refers to arm_const_structs.o(.constdata) for arm_cfft_sR_q15_len512
    arm_const_structs.o(.constdata) refers to arm_rfft_init_q15.o(.constdata) for realCoefAQ15
    arm_const_structs.o(.constdata) refers to arm_const_structs.o(.constdata) for arm_cfft_sR_q15_len1024
    arm_const_structs.o(.constdata) refers to arm_rfft_init_q15.o(.constdata) for realCoefAQ15
    arm_const_structs.o(.constdata) refers to arm_const_structs.o(.constdata) for arm_cfft_sR_q15_len2048
    arm_const_structs.o(.constdata) refers to arm_rfft_init_q15.o(.constdata) for realCoefAQ15
    arm_const_structs.o(.constdata) refers to arm_const_structs.o(.constdata) for arm_cfft_sR_q15_len4096
    arm_rfft_init_q15.o(.text) refers to arm_rfft_init_q15.o(.constdata) for .constdata
    arm_rfft_init_q15.o(.text) refers to arm_const_structs.o(.constdata) for arm_cfft_sR_q15_len4096
    arm_rfft_init_q15.o(.text) refers to arm_const_structs.o(.constdata) for arm_cfft_sR_q15_len2048
    arm_rfft_init_q15.o(.text) refers to arm_const_structs.o(.constdata) for arm_cfft_sR_q15_len1024
    arm_rfft_init_q15.o(.text) refers to arm_const_structs.o(.constdata) for arm_cfft_sR_q15_len512
    arm_rfft_init_q15.o(.text) refers to arm_const_structs.o(.constdata) for arm_cfft_sR_q15_len256
    arm_rfft_init_q15.o(.text) refers to arm_const_structs.o(.constdata) for arm_cfft_sR_q15_len128
    arm_rfft_init_q15.o(.text) refers to arm_const_structs.o(.constdata) for arm_cfft_sR_q15_len64
    arm_rfft_init_q15.o(.text) refers to arm_const_structs.o(.constdata) for arm_cfft_sR_q15_len32
    arm_rfft_init_q15.o(.text) refers to arm_const_structs.o(.constdata) for arm_cfft_sR_q15_len16
    arm_rfft_init_q31.o(.text) refers to arm_rfft_init_q31.o(.constdata) for .constdata
    arm_rfft_init_q31.o(.text) refers to arm_const_structs.o(.constdata) for arm_cfft_sR_q31_len4096
    arm_rfft_init_q31.o(.text) refers to arm_const_structs.o(.constdata) for arm_cfft_sR_q31_len2048
    arm_rfft_init_q31.o(.text) refers to arm_const_structs.o(.constdata) for arm_cfft_sR_q31_len1024
    arm_rfft_init_q31.o(.text) refers to arm_const_structs.o(.constdata) for arm_cfft_sR_q31_len512
    arm_rfft_init_q31.o(.text) refers to arm_const_structs.o(.constdata) for arm_cfft_sR_q31_len256
    arm_rfft_init_q31.o(.text) refers to arm_const_structs.o(.constdata) for arm_cfft_sR_q31_len128
    arm_rfft_init_q31.o(.text) refers to arm_const_structs.o(.constdata) for arm_cfft_sR_q31_len64
    arm_rfft_init_q31.o(.text) refers to arm_const_structs.o(.constdata) for arm_cfft_sR_q31_len32
    arm_rfft_init_q31.o(.text) refers to arm_const_structs.o(.constdata) for arm_cfft_sR_q31_len16
    __main.o(!!!main) refers to __rtentry.o(.ARM.Collect$$rtentry$$00000000) for __rt_entry
    __rtentry.o(.ARM.Collect$$rtentry$$00000000) refers (Special) to __rtentry2.o(.ARM.Collect$$rtentry$$0000000A) for __rt_entry_li
    __rtentry.o(.ARM.Collect$$rtentry$$00000000) refers (Special) to __rtentry2.o(.ARM.Collect$$rtentry$$0000000D) for __rt_entry_main
    __rtentry.o(.ARM.Collect$$rtentry$$00000000) refers (Special) to __rtentry2.o(.ARM.Collect$$rtentry$$0000000C) for __rt_entry_postli_1
    __rtentry.o(.ARM.Collect$$rtentry$$00000000) refers (Special) to __rtentry2.o(.ARM.Collect$$rtentry$$00000009) for __rt_entry_postsh_1
    __rtentry.o(.ARM.Collect$$rtentry$$00000000) refers (Special) to __rtentry2.o(.ARM.Collect$$rtentry$$00000002) for __rt_entry_presh_1
    __rtentry.o(.ARM.Collect$$rtentry$$00000000) refers (Special) to __rtentry4.o(.ARM.Collect$$rtentry$$00000004) for __rt_entry_sh
    __rtentry2.o(.ARM.Collect$$rtentry$$00000008) refers to boardinit2.o(.text) for _platform_post_stackheap_init
    __rtentry2.o(.ARM.Collect$$rtentry$$0000000A) refers to libinit.o(.ARM.Collect$$libinit$$00000000) for __rt_lib_init
    __rtentry2.o(.ARM.Collect$$rtentry$$0000000B) refers to boardinit3.o(.text) for _platform_post_lib_init
    __rtentry2.o(.ARM.Collect$$rtentry$$0000000D) refers to arm_fft_bin_example_f32.o(.text) for main
    __rtentry2.o(.ARM.Collect$$rtentry$$0000000D) refers to exit.o(.text) for exit
    __rtentry2.o(.ARM.exidx) refers to __rtentry2.o(.ARM.Collect$$rtentry$$00000001) for .ARM.Collect$$rtentry$$00000001
    __rtentry2.o(.ARM.exidx) refers to __rtentry2.o(.ARM.Collect$$rtentry$$00000008) for .ARM.Collect$$rtentry$$00000008
    __rtentry2.o(.ARM.exidx) refers to __rtentry2.o(.ARM.Collect$$rtentry$$0000000A) for .ARM.Collect$$rtentry$$0000000A
    __rtentry2.o(.ARM.exidx) refers to __rtentry2.o(.ARM.Collect$$rtentry$$0000000B) for .ARM.Collect$$rtentry$$0000000B
    __rtentry2.o(.ARM.exidx) refers to __rtentry2.o(.ARM.Collect$$rtentry$$0000000D) for .ARM.Collect$$rtentry$$0000000D
    __rtentry4.o(.ARM.Collect$$rtentry$$00000004) refers to sys_stackheap_outer.o(.text) for __user_setup_stackheap
    __rtentry4.o(.ARM.exidx) refers to __rtentry4.o(.ARM.Collect$$rtentry$$00000004) for .ARM.Collect$$rtentry$$00000004
    sys_stackheap_outer.o(.text) refers to libspace.o(.text) for __user_perproc_libspace
    sys_stackheap_outer.o(.text) refers to startup_mk64f12.o(.text) for __user_initial_stackheap
    exit.o(.text) refers to rtexit.o(.ARM.Collect$$rtexit$$00000000) for __rt_exit
    libinit.o(.ARM.Collect$$libinit$$00000000) refers (Special) to libinit2.o(.ARM.Collect$$libinit$$0000002E) for __rt_lib_init_alloca_1
    libinit.o(.ARM.Collect$$libinit$$00000000) refers (Special) to libinit2.o(.ARM.Collect$$libinit$$0000002C) for __rt_lib_init_argv_1
    libinit.o(.ARM.Collect$$libinit$$00000000) refers (Special) to libinit2.o(.ARM.Collect$$libinit$$0000001B) for __rt_lib_init_atexit_1
    libinit.o(.ARM.Collect$$libinit$$00000000) refers (Special) to libinit2.o(.ARM.Collect$$libinit$$00000021) for __rt_lib_init_clock_1
    libinit.o(.ARM.Collect$$libinit$$00000000) refers (Special) to libinit2.o(.ARM.Collect$$libinit$$00000032) for __rt_lib_init_cpp_1
    libinit.o(.ARM.Collect$$libinit$$00000000) refers (Special) to libinit2.o(.ARM.Collect$$libinit$$00000030) for __rt_lib_init_exceptions_1
    libinit.o(.ARM.Collect$$libinit$$00000000) refers (Special) to libinit2.o(.ARM.Collect$$libinit$$00000001) for __rt_lib_init_fp_1
    libinit.o(.ARM.Collect$$libinit$$00000000) refers (Special) to libinit2.o(.ARM.Collect$$libinit$$0000001F) for __rt_lib_init_fp_trap_1
    libinit.o(.ARM.Collect$$libinit$$00000000) refers (Special) to libinit2.o(.ARM.Collect$$libinit$$00000023) for __rt_lib_init_getenv_1
    libinit.o(.ARM.Collect$$libinit$$00000000) refers (Special) to libinit2.o(.ARM.Collect$$libinit$$0000000A) for __rt_lib_init_heap_1
    libinit.o(.ARM.Collect$$libinit$$00000000) refers (Special) to libinit2.o(.ARM.Collect$$libinit$$00000011) for __rt_lib_init_lc_collate_1
    libinit.o(.ARM.Collect$$libinit$$00000000) refers (Special) to libinit2.o(.ARM.Collect$$libinit$$00000013) for __rt_lib_init_lc_ctype_1
    libinit.o(.ARM.Collect$$libinit$$00000000) refers (Special) to libinit2.o(.ARM.Collect$$libinit$$00000015) for __rt_lib_init_lc_monetary_1
    libinit.o(.ARM.Collect$$libinit$$00000000) refers (Special) to libinit2.o(.ARM.Collect$$libinit$$00000017) for __rt_lib_init_lc_numeric_1
    libinit.o(.ARM.Collect$$libinit$$00000000) refers (Special) to libinit2.o(.ARM.Collect$$libinit$$00000019) for __rt_lib_init_lc_time_1
    libinit.o(.ARM.Collect$$libinit$$00000000) refers (Special) to libinit2.o(.ARM.Collect$$libinit$$00000004) for __rt_lib_init_preinit_1
    libinit.o(.ARM.Collect$$libinit$$00000000) refers (Special) to libinit2.o(.ARM.Collect$$libinit$$0000000E) for __rt_lib_init_rand_1
    libinit.o(.ARM.Collect$$libinit$$00000000) refers (Special) to libinit2.o(.ARM.Collect$$libinit$$00000033) for __rt_lib_init_return
    libinit.o(.ARM.Collect$$libinit$$00000000) refers (Special) to libinit2.o(.ARM.Collect$$libinit$$0000001D) for __rt_lib_init_signal_1
    libinit.o(.ARM.Collect$$libinit$$00000000) refers (Special) to libinit2.o(.ARM.Collect$$libinit$$00000025) for __rt_lib_init_stdio_1
    libinit.o(.ARM.Collect$$libinit$$00000000) refers (Special) to libinit2.o(.ARM.Collect$$libinit$$0000000C) for __rt_lib_init_user_alloc_1
    libspace.o(.text) refers to libspace.o(.bss) for __libspace_start
    rtexit.o(.ARM.Collect$$rtexit$$00000000) refers (Special) to rtexit2.o(.ARM.Collect$$rtexit$$00000004) for __rt_exit_exit
    rtexit.o(.ARM.Collect$$rtexit$$00000000) refers (Special) to rtexit2.o(.ARM.Collect$$rtexit$$00000003) for __rt_exit_ls
    rtexit.o(.ARM.Collect$$rtexit$$00000000) refers (Special) to rtexit2.o(.ARM.Collect$$rtexit$$00000002) for __rt_exit_prels_1
    rtexit.o(.ARM.exidx) refers (Special) to rtexit2.o(.ARM.Collect$$rtexit$$00000004) for __rt_exit_exit
    rtexit.o(.ARM.exidx) refers (Special) to rtexit2.o(.ARM.Collect$$rtexit$$00000003) for __rt_exit_ls
    rtexit.o(.ARM.exidx) refers (Special) to rtexit2.o(.ARM.Collect$$rtexit$$00000002) for __rt_exit_prels_1
    rtexit.o(.ARM.exidx) refers to rtexit.o(.ARM.Collect$$rtexit$$00000000) for .ARM.Collect$$rtexit$$00000000
    libinit2.o(.ARM.Collect$$libinit$$00000001) refers to fpinit.o(x$fpl$fpinit) for _fp_init
    libinit2.o(.ARM.Collect$$libinit$$00000010) refers to libinit2.o(.ARM.Collect$$libinit$$0000000F) for .ARM.Collect$$libinit$$0000000F
    libinit2.o(.ARM.Collect$$libinit$$00000012) refers to libinit2.o(.ARM.Collect$$libinit$$0000000F) for .ARM.Collect$$libinit$$0000000F
    libinit2.o(.ARM.Collect$$libinit$$00000014) refers to libinit2.o(.ARM.Collect$$libinit$$0000000F) for .ARM.Collect$$libinit$$0000000F
    libinit2.o(.ARM.Collect$$libinit$$00000016) refers to libinit2.o(.ARM.Collect$$libinit$$0000000F) for .ARM.Collect$$libinit$$0000000F
    libinit2.o(.ARM.Collect$$libinit$$00000018) refers to libinit2.o(.ARM.Collect$$libinit$$0000000F) for .ARM.Collect$$libinit$$0000000F
    libinit2.o(.ARM.Collect$$libinit$$00000026) refers to argv_veneer.o(.emb_text) for __ARM_argv_veneer
    libinit2.o(.ARM.Collect$$libinit$$00000027) refers to argv_veneer.o(.emb_text) for __ARM_argv_veneer
    rtexit2.o(.ARM.Collect$$rtexit$$00000003) refers to libshutdown.o(.ARM.Collect$$libshutdown$$00000000) for __rt_lib_shutdown
    rtexit2.o(.ARM.Collect$$rtexit$$00000004) refers to sys_exit.o(.text) for _sys_exit
    rtexit2.o(.ARM.exidx) refers to rtexit2.o(.ARM.Collect$$rtexit$$00000001) for .ARM.Collect$$rtexit$$00000001
    rtexit2.o(.ARM.exidx) refers to rtexit2.o(.ARM.Collect$$rtexit$$00000003) for .ARM.Collect$$rtexit$$00000003
    rtexit2.o(.ARM.exidx) refers to rtexit2.o(.ARM.Collect$$rtexit$$00000004) for .ARM.Collect$$rtexit$$00000004
    argv_veneer.o(.emb_text) refers to no_argv.o(.text) for __ARM_get_argv
    sys_exit.o(.text) refers (Special) to use_no_semi.o(.text) for __I$use$semihosting
    sys_exit.o(.text) refers (Special) to indicate_semi.o(.text) for __semihosting_library_function
    _get_argv_nomalloc.o(.text) refers (Special) to hrguard.o(.text) for __heap_region$guard
    _get_argv_nomalloc.o(.text) refers to defsig_rtmem_outer.o(.text) for __rt_SIGRTMEM
    _get_argv_nomalloc.o(.text) refers to sys_command.o(.text) for _sys_command_string
    libshutdown.o(.ARM.Collect$$libshutdown$$00000000) refers (Special) to libshutdown2.o(.ARM.Collect$$libshutdown$$00000002) for __rt_lib_shutdown_cpp_1
    libshutdown.o(.ARM.Collect$$libshutdown$$00000000) refers (Special) to libshutdown2.o(.ARM.Collect$$libshutdown$$00000007) for __rt_lib_shutdown_fp_trap_1
    libshutdown.o(.ARM.Collect$$libshutdown$$00000000) refers (Special) to libshutdown2.o(.ARM.Collect$$libshutdown$$0000000F) for __rt_lib_shutdown_heap_1
    libshutdown.o(.ARM.Collect$$libshutdown$$00000000) refers (Special) to libshutdown2.o(.ARM.Collect$$libshutdown$$00000010) for __rt_lib_shutdown_return
    libshutdown.o(.ARM.Collect$$libshutdown$$00000000) refers (Special) to libshutdown2.o(.ARM.Collect$$libshutdown$$0000000A) for __rt_lib_shutdown_signal_1
    libshutdown.o(.ARM.Collect$$libshutdown$$00000000) refers (Special) to libshutdown2.o(.ARM.Collect$$libshutdown$$00000004) for __rt_lib_shutdown_stdio_1
    libshutdown.o(.ARM.Collect$$libshutdown$$00000000) refers (Special) to libshutdown2.o(.ARM.Collect$$libshutdown$$0000000C) for __rt_lib_shutdown_user_alloc_1
    sys_command.o(.text) refers (Special) to use_no_semi.o(.text) for __I$use$semihosting
    sys_command.o(.text) refers (Special) to indicate_semi.o(.text) for __semihosting_library_function
    defsig_rtmem_outer.o(.text) refers to defsig_rtmem_inner.o(.text) for __rt_SIGRTMEM_inner
    defsig_rtmem_outer.o(.text) refers to defsig_exit.o(.text) for __sig_exit
    defsig_rtmem_formal.o(.text) refers to rt_raise.o(.text) for __rt_raise
    rt_raise.o(.text) refers to __raise.o(.text) for __raise
    rt_raise.o(.text) refers to sys_exit.o(.text) for _sys_exit
    defsig_exit.o(.text) refers to sys_exit.o(.text) for _sys_exit
    defsig_rtmem_inner.o(.text) refers to defsig_general.o(.text) for __default_signal_display
    __raise.o(.text) refers to defsig.o(CL$$defsig) for __default_signal_handler
    defsig_general.o(.text) refers to sys_wrch.o(.text) for _ttywrch
    sys_wrch.o(.text) refers (Special) to use_no_semi.o(.text) for __I$use$semihosting
    sys_wrch.o(.text) refers (Special) to indicate_semi.o(.text) for __semihosting_library_function
    defsig.o(CL$$defsig) refers to defsig_rtmem_inner.o(.text) for __rt_SIGRTMEM_inner
    defsig_abrt_inner.o(.text) refers to defsig_general.o(.text) for __default_signal_display
    defsig_fpe_inner.o(.text) refers to defsig_general.o(.text) for __default_signal_display
    defsig_rtred_inner.o(.text) refers to defsig_general.o(.text) for __default_signal_display
    defsig_stak_inner.o(.text) refers to defsig_general.o(.text) for __default_signal_display
    defsig_pvfn_inner.o(.text) refers to defsig_general.o(.text) for __default_signal_display
    defsig_cppl_inner.o(.text) refers to defsig_general.o(.text) for __default_signal_display
    defsig_segv_inner.o(.text) refers to defsig_general.o(.text) for __default_signal_display
    defsig_other.o(.text) refers to defsig_general.o(.text) for __default_signal_display


==============================================================================

Removing Unused input sections from the image.

    Removing arm_fft_bin_data.o(.rev16_text), (4 bytes).
    Removing arm_fft_bin_data.o(.revsh_text), (4 bytes).
    Removing arm_fft_bin_data.o(.rrx_text), (6 bytes).
    Removing arm_fft_bin_example_f32.o(.rev16_text), (4 bytes).
    Removing arm_fft_bin_example_f32.o(.revsh_text), (4 bytes).
    Removing arm_fft_bin_example_f32.o(.rrx_text), (6 bytes).
    Removing system_mk64f12.o(.rev16_text), (4 bytes).
    Removing system_mk64f12.o(.revsh_text), (4 bytes).
    Removing system_mk64f12.o(.rrx_text), (6 bytes).
    Removing arm_cmplx_mag_f32.o(.rev16_text), (4 bytes).
    Removing arm_cmplx_mag_f32.o(.revsh_text), (4 bytes).
    Removing arm_cmplx_mag_f32.o(.rrx_text), (6 bytes).
    Removing arm_cfft_f32.o(.rev16_text), (4 bytes).
    Removing arm_cfft_f32.o(.revsh_text), (4 bytes).
    Removing arm_cfft_f32.o(.rrx_text), (6 bytes).
    Removing arm_max_f32.o(.rev16_text), (4 bytes).
    Removing arm_max_f32.o(.revsh_text), (4 bytes).
    Removing arm_max_f32.o(.rrx_text), (6 bytes).
    Removing arm_const_structs.o(.rev16_text), (4 bytes).
    Removing arm_const_structs.o(.revsh_text), (4 bytes).
    Removing arm_const_structs.o(.rrx_text), (6 bytes).
    Removing arm_const_structs.o(.constdata), (16 bytes).
    Removing arm_const_structs.o(.constdata), (16 bytes).
    Removing arm_const_structs.o(.constdata), (16 bytes).
    Removing arm_const_structs.o(.constdata), (16 bytes).
    Removing arm_const_structs.o(.constdata), (16 bytes).
    Removing arm_const_structs.o(.constdata), (16 bytes).
    Removing arm_const_structs.o(.constdata), (16 bytes).
    Removing arm_const_structs.o(.constdata), (16 bytes).
    Removing arm_const_structs.o(.constdata), (16 bytes).
    Removing arm_const_structs.o(.constdata), (16 bytes).
    Removing arm_const_structs.o(.constdata), (16 bytes).
    Removing arm_const_structs.o(.constdata), (16 bytes).
    Removing arm_const_structs.o(.constdata), (16 bytes).
    Removing arm_const_structs.o(.constdata), (16 bytes).
    Removing arm_const_structs.o(.constdata), (16 bytes).
    Removing arm_const_structs.o(.constdata), (16 bytes).
    Removing arm_const_structs.o(.constdata), (16 bytes).
    Removing arm_const_structs.o(.constdata), (16 bytes).
    Removing arm_const_structs.o(.constdata), (16 bytes).
    Removing arm_const_structs.o(.constdata), (16 bytes).
    Removing arm_const_structs.o(.constdata), (16 bytes).
    Removing arm_const_structs.o(.constdata), (16 bytes).
    Removing arm_const_structs.o(.constdata), (16 bytes).
    Removing arm_const_structs.o(.constdata), (16 bytes).
    Removing arm_const_structs.o(.constdata), (16 bytes).
    Removing arm_const_structs.o(.constdata), (16 bytes).
    Removing arm_const_structs.o(.constdata), (24 bytes).
    Removing arm_const_structs.o(.constdata), (24 bytes).
    Removing arm_const_structs.o(.constdata), (24 bytes).
    Removing arm_const_structs.o(.constdata), (24 bytes).
    Removing arm_const_structs.o(.constdata), (24 bytes).
    Removing arm_const_structs.o(.constdata), (24 bytes).
    Removing arm_const_structs.o(.constdata), (24 bytes).
    Removing arm_const_structs.o(.constdata), (24 bytes).
    Removing arm_const_structs.o(.constdata), (24 bytes).
    Removing arm_const_structs.o(.constdata), (24 bytes).
    Removing arm_const_structs.o(.constdata), (24 bytes).
    Removing arm_const_structs.o(.constdata), (24 bytes).
    Removing arm_const_structs.o(.constdata), (24 bytes).
    Removing arm_const_structs.o(.constdata), (24 bytes).
    Removing arm_const_structs.o(.constdata), (24 bytes).
    Removing arm_const_structs.o(.constdata), (24 bytes).
    Removing arm_const_structs.o(.constdata), (24 bytes).
    Removing arm_const_structs.o(.constdata), (24 bytes).
    Removing arm_const_structs.o(.constdata), (24 bytes).
    Removing arm_const_structs.o(.constdata), (24 bytes).
    Removing arm_const_structs.o(.constdata), (24 bytes).
    Removing arm_const_structs.o(.constdata), (24 bytes).
    Removing arm_const_structs.o(.constdata), (24 bytes).
    Removing arm_const_structs.o(.constdata), (24 bytes).
    Removing arm_const_structs.o(.constdata), (24 bytes).
    Removing arm_const_structs.o(.constdata), (24 bytes).
    Removing arm_rfft_init_q15.o(.rev16_text), (4 bytes).
    Removing arm_rfft_init_q15.o(.revsh_text), (4 bytes).
    Removing arm_rfft_init_q15.o(.rrx_text), (6 bytes).
    Removing arm_rfft_init_q15.o(.text), (204 bytes).
    Removing arm_rfft_init_q15.o(.constdata), (32768 bytes).
    Removing arm_rfft_init_q31.o(.rev16_text), (4 bytes).
    Removing arm_rfft_init_q31.o(.revsh_text), (4 bytes).
    Removing arm_rfft_init_q31.o(.rrx_text), (6 bytes).
    Removing arm_rfft_init_q31.o(.text), (204 bytes).
    Removing arm_rfft_init_q31.o(.constdata), (65536 bytes).
    Removing arm_cfft_radix8_f32.o(.rev16_text), (4 bytes).
    Removing arm_cfft_radix8_f32.o(.revsh_text), (4 bytes).
    Removing arm_cfft_radix8_f32.o(.rrx_text), (6 bytes).
    Removing arm_common_tables.o(.rev16_text), (4 bytes).
    Removing arm_common_tables.o(.revsh_text), (4 bytes).
    Removing arm_common_tables.o(.rrx_text), (6 bytes).
    Removing arm_common_tables.o(.constdata), (2048 bytes).
    Removing arm_common_tables.o(.constdata), (128 bytes).
    Removing arm_common_tables.o(.constdata), (256 bytes).
    Removing arm_common_tables.o(.constdata), (512 bytes).
    Removing arm_common_tables.o(.constdata), (1024 bytes).
    Removing arm_common_tables.o(.constdata), (2048 bytes).
    Removing arm_common_tables.o(.constdata), (4096 bytes).
    Removing arm_common_tables.o(.constdata), (16384 bytes).
    Removing arm_common_tables.o(.constdata), (32768 bytes).
    Removing arm_common_tables.o(.constdata), (96 bytes).
    Removing arm_common_tables.o(.constdata), (192 bytes).
    Removing arm_common_tables.o(.constdata), (384 bytes).
    Removing arm_common_tables.o(.constdata), (768 bytes).
    Removing arm_common_tables.o(.constdata), (1536 bytes).
    Removing arm_common_tables.o(.constdata), (3072 bytes).
    Removing arm_common_tables.o(.constdata), (6144 bytes).
    Removing arm_common_tables.o(.constdata), (12288 bytes).
    Removing arm_common_tables.o(.constdata), (24576 bytes).
    Removing arm_common_tables.o(.constdata), (48 bytes).
    Removing arm_common_tables.o(.constdata), (96 bytes).
    Removing arm_common_tables.o(.constdata), (192 bytes).
    Removing arm_common_tables.o(.constdata), (384 bytes).
    Removing arm_common_tables.o(.constdata), (768 bytes).
    Removing arm_common_tables.o(.constdata), (1536 bytes).
    Removing arm_common_tables.o(.constdata), (3072 bytes).
    Removing arm_common_tables.o(.constdata), (6144 bytes).
    Removing arm_common_tables.o(.constdata), (12288 bytes).
    Removing arm_common_tables.o(.constdata), (128 bytes).
    Removing arm_common_tables.o(.constdata), (256 bytes).
    Removing arm_common_tables.o(.constdata), (40 bytes).
    Removing arm_common_tables.o(.constdata), (96 bytes).
    Removing arm_common_tables.o(.constdata), (112 bytes).
    Removing arm_common_tables.o(.constdata), (416 bytes).
    Removing arm_common_tables.o(.constdata), (880 bytes).
    Removing arm_common_tables.o(.constdata), (896 bytes).
    Removing arm_common_tables.o(.constdata), (7616 bytes).
    Removing arm_common_tables.o(.constdata), (8064 bytes).
    Removing arm_common_tables.o(.constdata), (24 bytes).
    Removing arm_common_tables.o(.constdata), (48 bytes).
    Removing arm_common_tables.o(.constdata), (112 bytes).
    Removing arm_common_tables.o(.constdata), (224 bytes).
    Removing arm_common_tables.o(.constdata), (480 bytes).
    Removing arm_common_tables.o(.constdata), (960 bytes).
    Removing arm_common_tables.o(.constdata), (1984 bytes).
    Removing arm_common_tables.o(.constdata), (3968 bytes).
    Removing arm_common_tables.o(.constdata), (8064 bytes).
    Removing arm_common_tables.o(.constdata), (128 bytes).
    Removing arm_common_tables.o(.constdata), (256 bytes).
    Removing arm_common_tables.o(.constdata), (512 bytes).
    Removing arm_common_tables.o(.constdata), (1024 bytes).
    Removing arm_common_tables.o(.constdata), (2048 bytes).
    Removing arm_common_tables.o(.constdata), (4096 bytes).
    Removing arm_common_tables.o(.constdata), (8192 bytes).
    Removing arm_common_tables.o(.constdata), (16384 bytes).
    Removing arm_common_tables.o(.constdata), (2052 bytes).
    Removing arm_common_tables.o(.constdata), (2052 bytes).
    Removing arm_common_tables.o(.constdata), (1026 bytes).

146 unused section(s) (total 304892 bytes) removed from the image.

==============================================================================

Image Symbol Table

    Local Symbols

    Symbol Name                              Value     Ov Type        Size  Object(Section)

    RESET                                    0x00000000   Section     1024  startup_mk64f12.o(RESET)
    ../clib/angel/boardlib.s                 0x00000000   Number         0  boardinit1.o ABSOLUTE
    ../clib/angel/boardlib.s                 0x00000000   Number         0  boardinit2.o ABSOLUTE
    ../clib/angel/boardlib.s                 0x00000000   Number         0  boardinit3.o ABSOLUTE
    ../clib/angel/boardlib.s                 0x00000000   Number         0  boardshut.o ABSOLUTE
    ../clib/angel/dczerorl2.s                0x00000000   Number         0  __dczerorl2.o ABSOLUTE
    ../clib/angel/handlers.s                 0x00000000   Number         0  __scatter_zi.o ABSOLUTE
    ../clib/angel/kernel.s                   0x00000000   Number         0  rtexit2.o ABSOLUTE
    ../clib/angel/kernel.s                   0x00000000   Number         0  rtexit.o ABSOLUTE
    ../clib/angel/kernel.s                   0x00000000   Number         0  __rtentry2.o ABSOLUTE
    ../clib/angel/kernel.s                   0x00000000   Number         0  __rtentry.o ABSOLUTE
    ../clib/angel/kernel.s                   0x00000000   Number         0  __rtentry4.o ABSOLUTE
    ../clib/angel/rt.s                       0x00000000   Number         0  rt_raise.o ABSOLUTE
    ../clib/angel/scatter.s                  0x00000000   Number         0  __scatter.o ABSOLUTE
    ../clib/angel/startup.s                  0x00000000   Number         0  __main.o ABSOLUTE
    ../clib/angel/sys.s                      0x00000000   Number         0  libspace.o ABSOLUTE
    ../clib/angel/sys.s                      0x00000000   Number         0  indicate_semi.o ABSOLUTE
    ../clib/angel/sys.s                      0x00000000   Number         0  use_no_semi.o ABSOLUTE
    ../clib/angel/sys.s                      0x00000000   Number         0  sys_stackheap_outer.o ABSOLUTE
    ../clib/angel/sysapp.c                   0x00000000   Number         0  sys_command.o ABSOLUTE
    ../clib/angel/sysapp.c                   0x00000000   Number         0  sys_wrch.o ABSOLUTE
    ../clib/angel/sysapp.c                   0x00000000   Number         0  sys_exit.o ABSOLUTE
    ../clib/armsys.c                         0x00000000   Number         0  argv_veneer.o ABSOLUTE
    ../clib/armsys.c                         0x00000000   Number         0  no_argv.o ABSOLUTE
    ../clib/armsys.c                         0x00000000   Number         0  _get_argv_nomalloc.o ABSOLUTE
    ../clib/armsys.c                         0x00000000   Number         0  argv_veneer.o ABSOLUTE
    ../clib/heapalloc.c                      0x00000000   Number         0  hrguard.o ABSOLUTE
    ../clib/heapaux.c                        0x00000000   Number         0  heapauxi.o ABSOLUTE
    ../clib/libinit.s                        0x00000000   Number         0  libinit2.o ABSOLUTE
    ../clib/libinit.s                        0x00000000   Number         0  libinit.o ABSOLUTE
    ../clib/libinit.s                        0x00000000   Number         0  libshutdown2.o ABSOLUTE
    ../clib/libinit.s                        0x00000000   Number         0  libshutdown.o ABSOLUTE
    ../clib/signal.c                         0x00000000   Number         0  defsig_abrt_inner.o ABSOLUTE
    ../clib/signal.c                         0x00000000   Number         0  defsig_general.o ABSOLUTE
    ../clib/signal.c                         0x00000000   Number         0  defsig_cppl_inner.o ABSOLUTE
    ../clib/signal.c                         0x00000000   Number         0  __raise.o ABSOLUTE
    ../clib/signal.c                         0x00000000   Number         0  defsig_rtmem_inner.o ABSOLUTE
    ../clib/signal.c                         0x00000000   Number         0  defsig_rtmem_formal.o ABSOLUTE
    ../clib/signal.c                         0x00000000   Number         0  defsig_rtmem_outer.o ABSOLUTE
    ../clib/signal.c                         0x00000000   Number         0  defsig_other.o ABSOLUTE
    ../clib/signal.c                         0x00000000   Number         0  defsig_segv_inner.o ABSOLUTE
    ../clib/signal.c                         0x00000000   Number         0  defsig_pvfn_inner.o ABSOLUTE
    ../clib/signal.c                         0x00000000   Number         0  defsig_stak_inner.o ABSOLUTE
    ../clib/signal.c                         0x00000000   Number         0  defsig_exit.o ABSOLUTE
    ../clib/signal.c                         0x00000000   Number         0  defsig_rtred_inner.o ABSOLUTE
    ../clib/signal.c                         0x00000000   Number         0  defsig_fpe_inner.o ABSOLUTE
    ../clib/signal.s                         0x00000000   Number         0  defsig.o ABSOLUTE
    ../clib/stdlib.c                         0x00000000   Number         0  exit.o ABSOLUTE
    ../fplib/fpinit.s                        0x00000000   Number         0  fpinit.o ABSOLUTE
    ..\..\Source\CommonTables\arm_common_tables.c 0x00000000   Number         0  arm_common_tables.o ABSOLUTE
    ..\..\Source\CommonTables\arm_const_structs.c 0x00000000   Number         0  arm_const_structs.o ABSOLUTE
    ..\..\Source\ComplexMathFunctions\arm_cmplx_mag_f32.c 0x00000000   Number         0  arm_cmplx_mag_f32.o ABSOLUTE
    ..\..\Source\StatisticsFunctions\arm_max_f32.c 0x00000000   Number         0  arm_max_f32.o ABSOLUTE
    ..\..\Source\TransformFunctions\arm_cfft_f32.c 0x00000000   Number         0  arm_cfft_f32.o ABSOLUTE
    ..\..\Source\TransformFunctions\arm_cfft_radix8_f32.c 0x00000000   Number         0  arm_cfft_radix8_f32.o ABSOLUTE
    ..\..\Source\TransformFunctions\arm_rfft_init_q15.c 0x00000000   Number         0  arm_rfft_init_q15.o ABSOLUTE
    ..\..\Source\TransformFunctions\arm_rfft_init_q31.c 0x00000000   Number         0  arm_rfft_init_q31.o ABSOLUTE
    ..\\..\\Source\\CommonTables\\arm_common_tables.c 0x00000000   Number         0  arm_common_tables.o ABSOLUTE
    ..\\..\\Source\\CommonTables\\arm_const_structs.c 0x00000000   Number         0  arm_const_structs.o ABSOLUTE
    ..\\..\\Source\\ComplexMathFunctions\\arm_cmplx_mag_f32.c 0x00000000   Number         0  arm_cmplx_mag_f32.o ABSOLUTE
    ..\\..\\Source\\StatisticsFunctions\\arm_max_f32.c 0x00000000   Number         0  arm_max_f32.o ABSOLUTE
    ..\\..\\Source\\TransformFunctions\\arm_bitreversal2.S 0x00000000   Number         0  arm_bitreversal2.o ABSOLUTE
    ..\\..\\Source\\TransformFunctions\\arm_cfft_f32.c 0x00000000   Number         0  arm_cfft_f32.o ABSOLUTE
    ..\\..\\Source\\TransformFunctions\\arm_cfft_radix8_f32.c 0x00000000   Number         0  arm_cfft_radix8_f32.o ABSOLUTE
    ..\\..\\Source\\TransformFunctions\\arm_rfft_init_q15.c 0x00000000   Number         0  arm_rfft_init_q15.o ABSOLUTE
    ..\\..\\Source\\TransformFunctions\\arm_rfft_init_q31.c 0x00000000   Number         0  arm_rfft_init_q31.o ABSOLUTE
    RTE\Device\MK64FN1M0xxx12\startup_MK64F12.s 0x00000000   Number         0  startup_mk64f12.o ABSOLUTE
    RTE\Device\MK64FN1M0xxx12\system_MK64F12.c 0x00000000   Number         0  system_mk64f12.o ABSOLUTE
    RTE\\Device\\MK64FN1M0xxx12\\system_MK64F12.c 0x00000000   Number         0  system_mk64f12.o ABSOLUTE
    arm_fft_bin_data.c                       0x00000000   Number         0  arm_fft_bin_data.o ABSOLUTE
    arm_fft_bin_data.c                       0x00000000   Number         0  arm_fft_bin_data.o ABSOLUTE
    arm_fft_bin_example_f32.c                0x00000000   Number         0  arm_fft_bin_example_f32.o ABSOLUTE
    arm_fft_bin_example_f32.c                0x00000000   Number         0  arm_fft_bin_example_f32.o ABSOLUTE
    dc.s                                     0x00000000   Number         0  dc.o ABSOLUTE
    .ARM.__at_0x400                          0x00000400   Section       16  startup_mk64f12.o(.ARM.__at_0x400)
    !!!main                                  0x00000410   Section        8  __main.o(!!!main)
    !!!scatter                               0x00000418   Section       52  __scatter.o(!!!scatter)
    !!dczerorl2                              0x0000044c   Section       90  __dczerorl2.o(!!dczerorl2)
    !!handler_zi                             0x000004a8   Section       28  __scatter_zi.o(!!handler_zi)
    . text                                   0x000004c4   Section      192  arm_bitreversal2.o(. text)
    $v0                                      0x000004c4   Number         0  arm_bitreversal2.o(. text)
    .ARM.Collect$$libinit$$00000000          0x00000584   Section        2  libinit.o(.ARM.Collect$$libinit$$00000000)
    .ARM.Collect$$libinit$$00000001          0x00000586   Section        4  libinit2.o(.ARM.Collect$$libinit$$00000001)
    .ARM.Collect$$libinit$$00000004          0x0000058a   Section        0  libinit2.o(.ARM.Collect$$libinit$$00000004)
    .ARM.Collect$$libinit$$0000000A          0x0000058a   Section        0  libinit2.o(.ARM.Collect$$libinit$$0000000A)
    .ARM.Collect$$libinit$$0000000C          0x0000058a   Section        0  libinit2.o(.ARM.Collect$$libinit$$0000000C)
    .ARM.Collect$$libinit$$0000000E          0x0000058a   Section        0  libinit2.o(.ARM.Collect$$libinit$$0000000E)
    .ARM.Collect$$libinit$$00000011          0x0000058a   Section        0  libinit2.o(.ARM.Collect$$libinit$$00000011)
    .ARM.Collect$$libinit$$00000013          0x0000058a   Section        0  libinit2.o(.ARM.Collect$$libinit$$00000013)
    .ARM.Collect$$libinit$$00000015          0x0000058a   Section        0  libinit2.o(.ARM.Collect$$libinit$$00000015)
    .ARM.Collect$$libinit$$00000017          0x0000058a   Section        0  libinit2.o(.ARM.Collect$$libinit$$00000017)
    .ARM.Collect$$libinit$$00000019          0x0000058a   Section        0  libinit2.o(.ARM.Collect$$libinit$$00000019)
    .ARM.Collect$$libinit$$0000001B          0x0000058a   Section        0  libinit2.o(.ARM.Collect$$libinit$$0000001B)
    .ARM.Collect$$libinit$$0000001D          0x0000058a   Section        0  libinit2.o(.ARM.Collect$$libinit$$0000001D)
    .ARM.Collect$$libinit$$0000001F          0x0000058a   Section        0  libinit2.o(.ARM.Collect$$libinit$$0000001F)
    .ARM.Collect$$libinit$$00000021          0x0000058a   Section        0  libinit2.o(.ARM.Collect$$libinit$$00000021)
    .ARM.Collect$$libinit$$00000023          0x0000058a   Section        0  libinit2.o(.ARM.Collect$$libinit$$00000023)
    .ARM.Collect$$libinit$$00000025          0x0000058a   Section        0  libinit2.o(.ARM.Collect$$libinit$$00000025)
    .ARM.Collect$$libinit$$0000002C          0x0000058a   Section        0  libinit2.o(.ARM.Collect$$libinit$$0000002C)
    .ARM.Collect$$libinit$$0000002E          0x0000058a   Section        0  libinit2.o(.ARM.Collect$$libinit$$0000002E)
    .ARM.Collect$$libinit$$00000030          0x0000058a   Section        0  libinit2.o(.ARM.Collect$$libinit$$00000030)
    .ARM.Collect$$libinit$$00000032          0x0000058a   Section        0  libinit2.o(.ARM.Collect$$libinit$$00000032)
    .ARM.Collect$$libinit$$00000033          0x0000058a   Section        2  libinit2.o(.ARM.Collect$$libinit$$00000033)
    .ARM.Collect$$libshutdown$$00000000      0x0000058c   Section        2  libshutdown.o(.ARM.Collect$$libshutdown$$00000000)
    .ARM.Collect$$libshutdown$$00000002      0x0000058e   Section        0  libshutdown2.o(.ARM.Collect$$libshutdown$$00000002)
    .ARM.Collect$$libshutdown$$00000004      0x0000058e   Section        0  libshutdown2.o(.ARM.Collect$$libshutdown$$00000004)
    .ARM.Collect$$libshutdown$$00000007      0x0000058e   Section        0  libshutdown2.o(.ARM.Collect$$libshutdown$$00000007)
    .ARM.Collect$$libshutdown$$0000000A      0x0000058e   Section        0  libshutdown2.o(.ARM.Collect$$libshutdown$$0000000A)
    .ARM.Collect$$libshutdown$$0000000C      0x0000058e   Section        0  libshutdown2.o(.ARM.Collect$$libshutdown$$0000000C)
    .ARM.Collect$$libshutdown$$0000000F      0x0000058e   Section        0  libshutdown2.o(.ARM.Collect$$libshutdown$$0000000F)
    .ARM.Collect$$libshutdown$$00000010      0x0000058e   Section        2  libshutdown2.o(.ARM.Collect$$libshutdown$$00000010)
    .ARM.Collect$$rtentry$$00000000          0x00000590   Section        0  __rtentry.o(.ARM.Collect$$rtentry$$00000000)
    .ARM.Collect$$rtentry$$00000002          0x00000590   Section        0  __rtentry2.o(.ARM.Collect$$rtentry$$00000002)
    .ARM.Collect$$rtentry$$00000004          0x00000590   Section        6  __rtentry4.o(.ARM.Collect$$rtentry$$00000004)
    .ARM.Collect$$rtentry$$00000009          0x00000596   Section        0  __rtentry2.o(.ARM.Collect$$rtentry$$00000009)
    .ARM.Collect$$rtentry$$0000000A          0x00000596   Section        4  __rtentry2.o(.ARM.Collect$$rtentry$$0000000A)
    .ARM.Collect$$rtentry$$0000000C          0x0000059a   Section        0  __rtentry2.o(.ARM.Collect$$rtentry$$0000000C)
    .ARM.Collect$$rtentry$$0000000D          0x0000059a   Section        8  __rtentry2.o(.ARM.Collect$$rtentry$$0000000D)
    .ARM.Collect$$rtexit$$00000000           0x000005a2   Section        2  rtexit.o(.ARM.Collect$$rtexit$$00000000)
    .ARM.Collect$$rtexit$$00000002           0x000005a4   Section        0  rtexit2.o(.ARM.Collect$$rtexit$$00000002)
    .ARM.Collect$$rtexit$$00000003           0x000005a4   Section        4  rtexit2.o(.ARM.Collect$$rtexit$$00000003)
    .ARM.Collect$$rtexit$$00000004           0x000005a8   Section        6  rtexit2.o(.ARM.Collect$$rtexit$$00000004)
    .text                                    0x000005b0   Section        0  arm_fft_bin_example_f32.o(.text)
    .text                                    0x00000618   Section       72  startup_mk64f12.o(.text)
    $v0                                      0x00000618   Number         0  startup_mk64f12.o(.text)
    .text                                    0x00000660   Section        0  system_mk64f12.o(.text)
    .text                                    0x000008b8   Section        0  arm_cmplx_mag_f32.o(.text)
    .text                                    0x000009b4   Section        0  arm_cfft_f32.o(.text)
    .text                                    0x000010d8   Section        0  arm_max_f32.o(.text)
    .text                                    0x000011b0   Section        0  arm_cfft_radix8_f32.o(.text)
    .text                                    0x0000168c   Section        0  heapauxi.o(.text)
    .text                                    0x00001692   Section       74  sys_stackheap_outer.o(.text)
    .text                                    0x000016dc   Section        0  exit.o(.text)
    .text                                    0x000016f0   Section        8  libspace.o(.text)
    .text                                    0x000016f8   Section        0  sys_exit.o(.text)
    .text                                    0x00001704   Section        2  use_no_semi.o(.text)
    .text                                    0x00001706   Section        0  indicate_semi.o(.text)
    x$fpl$fpinit                             0x00001706   Section       10  fpinit.o(x$fpl$fpinit)
    $v0                                      0x00001706   Number         0  fpinit.o(x$fpl$fpinit)
    .constdata                               0x00001710   Section       16  arm_const_structs.o(.constdata)
    .constdata                               0x00001720   Section     8192  arm_common_tables.o(.constdata)
    .constdata                               0x00003720   Section     3600  arm_common_tables.o(.constdata)
    .data                                    0x20000000   Section     8192  arm_fft_bin_data.o(.data)
    .data                                    0x20002000   Section       20  arm_fft_bin_example_f32.o(.data)
    .data                                    0x20002014   Section        4  system_mk64f12.o(.data)
    .bss                                     0x20002018   Section     4096  arm_fft_bin_example_f32.o(.bss)
    testOutput                               0x20002018   Data        4096  arm_fft_bin_example_f32.o(.bss)
    .bss                                     0x20003018   Section       96  libspace.o(.bss)
    HEAP                                     0x20003078   Section        0  startup_mk64f12.o(HEAP)
    STACK                                    0x20003078   Section     1024  startup_mk64f12.o(STACK)
    Heap_Mem                                 0x20003078   Data           0  startup_mk64f12.o(HEAP)
    Stack_Mem                                0x20003078   Data        1024  startup_mk64f12.o(STACK)
    __initial_sp                             0x20003478   Data           0  startup_mk64f12.o(STACK)

    Global Symbols

    Symbol Name                              Value     Ov Type        Size  Object(Section)

    BuildAttributes$$THM_ISAv4$E$P$D$K$B$S$7EM$VFPi3$EXTD16$VFPS$VFMA$PE$A:L22UL41UL21$X:L11$S22US41US21$IEEE1$IW$USESV6$~STKCKD$USESV7$~SHL$OTIME$ROPI$IEEEX$EBA8$UX$STANDARDLIB$REQ8$PRES8$EABIv2 0x00000000   Number         0  anon$$obj.o ABSOLUTE
    __ARM_use_no_argv                        0x00000000   Number         0  arm_fft_bin_example_f32.o ABSOLUTE
    __Vectors                                0x00000000   Data           4  startup_mk64f12.o(RESET)
    __ARM_exceptions_init                     - Undefined Weak Reference
    __alloca_initialize                       - Undefined Weak Reference
    __arm_preinit_                            - Undefined Weak Reference
    __cpp_initialize__aeabi_                  - Undefined Weak Reference
    __cxa_finalize                            - Undefined Weak Reference
    __rt_locale                               - Undefined Weak Reference
    __sigvec_lookup                           - Undefined Weak Reference
    _atexit_init                              - Undefined Weak Reference
    _call_atexit_fns                          - Undefined Weak Reference
    _clock_init                               - Undefined Weak Reference
    _fp_trap_init                             - Undefined Weak Reference
    _fp_trap_shutdown                         - Undefined Weak Reference
    _get_lc_collate                           - Undefined Weak Reference
    _get_lc_ctype                             - Undefined Weak Reference
    _get_lc_monetary                          - Undefined Weak Reference
    _get_lc_numeric                           - Undefined Weak Reference
    _get_lc_time                              - Undefined Weak Reference
    _getenv_init                              - Undefined Weak Reference
    _handle_redirection                       - Undefined Weak Reference
    _init_alloc                               - Undefined Weak Reference
    _init_user_alloc                          - Undefined Weak Reference
    _initio                                   - Undefined Weak Reference
    _rand_init                                - Undefined Weak Reference
    _signal_finish                            - Undefined Weak Reference
    _signal_init                              - Undefined Weak Reference
    _terminate_alloc                          - Undefined Weak Reference
    _terminate_user_alloc                     - Undefined Weak Reference
    _terminateio                              - Undefined Weak Reference
    __Vectors_End                            0x00000400   Data           0  startup_mk64f12.o(RESET)
    __Vectors_Size                           0x00000400   Number         0  startup_mk64f12.o ABSOLUTE
    __main                                   0x00000411   Thumb Code     8  __main.o(!!!main)
    __scatterload                            0x00000419   Thumb Code     0  __scatter.o(!!!scatter)
    __scatterload_rt2                        0x00000419   Thumb Code    44  __scatter.o(!!!scatter)
    __scatterload_rt2_thumb_only             0x00000419   Thumb Code     0  __scatter.o(!!!scatter)
    __scatterload_null                       0x00000427   Thumb Code     0  __scatter.o(!!!scatter)
    __decompress                             0x0000044d   Thumb Code    90  __dczerorl2.o(!!dczerorl2)
    __decompress1                            0x0000044d   Thumb Code     0  __dczerorl2.o(!!dczerorl2)
    __scatterload_zeroinit                   0x000004a9   Thumb Code    28  __scatter_zi.o(!!handler_zi)
    arm_bitreversal_32                       0x000004c5   Thumb Code   106  arm_bitreversal2.o(. text)
    arm_bitreversal_16                       0x0000052f   Thumb Code    86  arm_bitreversal2.o(. text)
    __rt_lib_init                            0x00000585   Thumb Code     0  libinit.o(.ARM.Collect$$libinit$$00000000)
    __rt_lib_init_fp_1                       0x00000587   Thumb Code     0  libinit2.o(.ARM.Collect$$libinit$$00000001)
    __rt_lib_init_alloca_1                   0x0000058b   Thumb Code     0  libinit2.o(.ARM.Collect$$libinit$$0000002E)
    __rt_lib_init_argv_1                     0x0000058b   Thumb Code     0  libinit2.o(.ARM.Collect$$libinit$$0000002C)
    __rt_lib_init_atexit_1                   0x0000058b   Thumb Code     0  libinit2.o(.ARM.Collect$$libinit$$0000001B)
    __rt_lib_init_clock_1                    0x0000058b   Thumb Code     0  libinit2.o(.ARM.Collect$$libinit$$00000021)
    __rt_lib_init_cpp_1                      0x0000058b   Thumb Code     0  libinit2.o(.ARM.Collect$$libinit$$00000032)
    __rt_lib_init_exceptions_1               0x0000058b   Thumb Code     0  libinit2.o(.ARM.Collect$$libinit$$00000030)
    __rt_lib_init_fp_trap_1                  0x0000058b   Thumb Code     0  libinit2.o(.ARM.Collect$$libinit$$0000001F)
    __rt_lib_init_getenv_1                   0x0000058b   Thumb Code     0  libinit2.o(.ARM.Collect$$libinit$$00000023)
    __rt_lib_init_heap_1                     0x0000058b   Thumb Code     0  libinit2.o(.ARM.Collect$$libinit$$0000000A)
    __rt_lib_init_lc_collate_1               0x0000058b   Thumb Code     0  libinit2.o(.ARM.Collect$$libinit$$00000011)
    __rt_lib_init_lc_ctype_1                 0x0000058b   Thumb Code     0  libinit2.o(.ARM.Collect$$libinit$$00000013)
    __rt_lib_init_lc_monetary_1              0x0000058b   Thumb Code     0  libinit2.o(.ARM.Collect$$libinit$$00000015)
    __rt_lib_init_lc_numeric_1               0x0000058b   Thumb Code     0  libinit2.o(.ARM.Collect$$libinit$$00000017)
    __rt_lib_init_lc_time_1                  0x0000058b   Thumb Code     0  libinit2.o(.ARM.Collect$$libinit$$00000019)
    __rt_lib_init_preinit_1                  0x0000058b   Thumb Code     0  libinit2.o(.ARM.Collect$$libinit$$00000004)
    __rt_lib_init_rand_1                     0x0000058b   Thumb Code     0  libinit2.o(.ARM.Collect$$libinit$$0000000E)
    __rt_lib_init_return                     0x0000058b   Thumb Code     0  libinit2.o(.ARM.Collect$$libinit$$00000033)
    __rt_lib_init_signal_1                   0x0000058b   Thumb Code     0  libinit2.o(.ARM.Collect$$libinit$$0000001D)
    __rt_lib_init_stdio_1                    0x0000058b   Thumb Code     0  libinit2.o(.ARM.Collect$$libinit$$00000025)
    __rt_lib_init_user_alloc_1               0x0000058b   Thumb Code     0  libinit2.o(.ARM.Collect$$libinit$$0000000C)
    __rt_lib_shutdown                        0x0000058d   Thumb Code     0  libshutdown.o(.ARM.Collect$$libshutdown$$00000000)
    __rt_lib_shutdown_cpp_1                  0x0000058f   Thumb Code     0  libshutdown2.o(.ARM.Collect$$libshutdown$$00000002)
    __rt_lib_shutdown_fp_trap_1              0x0000058f   Thumb Code     0  libshutdown2.o(.ARM.Collect$$libshutdown$$00000007)
    __rt_lib_shutdown_heap_1                 0x0000058f   Thumb Code     0  libshutdown2.o(.ARM.Collect$$libshutdown$$0000000F)
    __rt_lib_shutdown_return                 0x0000058f   Thumb Code     0  libshutdown2.o(.ARM.Collect$$libshutdown$$00000010)
    __rt_lib_shutdown_signal_1               0x0000058f   Thumb Code     0  libshutdown2.o(.ARM.Collect$$libshutdown$$0000000A)
    __rt_lib_shutdown_stdio_1                0x0000058f   Thumb Code     0  libshutdown2.o(.ARM.Collect$$libshutdown$$00000004)
    __rt_lib_shutdown_user_alloc_1           0x0000058f   Thumb Code     0  libshutdown2.o(.ARM.Collect$$libshutdown$$0000000C)
    __rt_entry                               0x00000591   Thumb Code     0  __rtentry.o(.ARM.Collect$$rtentry$$00000000)
    __rt_entry_presh_1                       0x00000591   Thumb Code     0  __rtentry2.o(.ARM.Collect$$rtentry$$00000002)
    __rt_entry_sh                            0x00000591   Thumb Code     0  __rtentry4.o(.ARM.Collect$$rtentry$$00000004)
    __rt_entry_li                            0x00000597   Thumb Code     0  __rtentry2.o(.ARM.Collect$$rtentry$$0000000A)
    __rt_entry_postsh_1                      0x00000597   Thumb Code     0  __rtentry2.o(.ARM.Collect$$rtentry$$00000009)
    __rt_entry_main                          0x0000059b   Thumb Code     0  __rtentry2.o(.ARM.Collect$$rtentry$$0000000D)
    __rt_entry_postli_1                      0x0000059b   Thumb Code     0  __rtentry2.o(.ARM.Collect$$rtentry$$0000000C)
    __rt_exit                                0x000005a3   Thumb Code     0  rtexit.o(.ARM.Collect$$rtexit$$00000000)
    __rt_exit_ls                             0x000005a5   Thumb Code     0  rtexit2.o(.ARM.Collect$$rtexit$$00000003)
    __rt_exit_prels_1                        0x000005a5   Thumb Code     0  rtexit2.o(.ARM.Collect$$rtexit$$00000002)
    __rt_exit_exit                           0x000005a9   Thumb Code     0  rtexit2.o(.ARM.Collect$$rtexit$$00000004)
    main                                     0x000005b1   Thumb Code    70  arm_fft_bin_example_f32.o(.text)
    init_data_bss                            0x00000619   Thumb Code     2  startup_mk64f12.o(.text)
    Reset_Handler                            0x0000061b   Thumb Code    12  startup_mk64f12.o(.text)
    NMI_Handler                              0x00000627   Thumb Code     2  startup_mk64f12.o(.text)
    HardFault_Handler                        0x00000629   Thumb Code     2  startup_mk64f12.o(.text)
    MemManage_Handler                        0x0000062b   Thumb Code     2  startup_mk64f12.o(.text)
    BusFault_Handler                         0x0000062d   Thumb Code     2  startup_mk64f12.o(.text)
    UsageFault_Handler                       0x0000062f   Thumb Code     2  startup_mk64f12.o(.text)
    SVC_Handler                              0x00000631   Thumb Code     2  startup_mk64f12.o(.text)
    DebugMon_Handler                         0x00000633   Thumb Code     2  startup_mk64f12.o(.text)
    PendSV_Handler                           0x00000635   Thumb Code     2  startup_mk64f12.o(.text)
    SysTick_Handler                          0x00000637   Thumb Code     2  startup_mk64f12.o(.text)
    ADC0_IRQHandler                          0x00000639   Thumb Code     0  startup_mk64f12.o(.text)
    ADC1_IRQHandler                          0x00000639   Thumb Code     0  startup_mk64f12.o(.text)
    CAN0_Bus_Off_IRQHandler                  0x00000639   Thumb Code     0  startup_mk64f12.o(.text)
    CAN0_Error_IRQHandler                    0x00000639   Thumb Code     0  startup_mk64f12.o(.text)
    CAN0_ORed_Message_buffer_IRQHandler      0x00000639   Thumb Code     0  startup_mk64f12.o(.text)
    CAN0_Rx_Warning_IRQHandler               0x00000639   Thumb Code     0  startup_mk64f12.o(.text)
    CAN0_Tx_Warning_IRQHandler               0x00000639   Thumb Code     0  startup_mk64f12.o(.text)
    CAN0_Wake_Up_IRQHandler                  0x00000639   Thumb Code     0  startup_mk64f12.o(.text)
    CMP0_IRQHandler                          0x00000639   Thumb Code     0  startup_mk64f12.o(.text)
    CMP1_IRQHandler                          0x00000639   Thumb Code     0  startup_mk64f12.o(.text)
    CMP2_IRQHandler                          0x00000639   Thumb Code     0  startup_mk64f12.o(.text)
    CMT_IRQHandler                           0x00000639   Thumb Code     0  startup_mk64f12.o(.text)
    DAC0_IRQHandler                          0x00000639   Thumb Code     0  startup_mk64f12.o(.text)
    DAC1_IRQHandler                          0x00000639   Thumb Code     0  startup_mk64f12.o(.text)
    DMA0_IRQHandler                          0x00000639   Thumb Code     0  startup_mk64f12.o(.text)
    DMA10_IRQHandler                         0x00000639   Thumb Code     0  startup_mk64f12.o(.text)
    DMA11_IRQHandler                         0x00000639   Thumb Code     0  startup_mk64f12.o(.text)
    DMA12_IRQHandler                         0x00000639   Thumb Code     0  startup_mk64f12.o(.text)
    DMA13_IRQHandler                         0x00000639   Thumb Code     0  startup_mk64f12.o(.text)
    DMA14_IRQHandler                         0x00000639   Thumb Code     0  startup_mk64f12.o(.text)
    DMA15_IRQHandler                         0x00000639   Thumb Code     0  startup_mk64f12.o(.text)
    DMA1_IRQHandler                          0x00000639   Thumb Code     0  startup_mk64f12.o(.text)
    DMA2_IRQHandler                          0x00000639   Thumb Code     0  startup_mk64f12.o(.text)
    DMA3_IRQHandler                          0x00000639   Thumb Code     0  startup_mk64f12.o(.text)
    DMA4_IRQHandler                          0x00000639   Thumb Code     0  startup_mk64f12.o(.text)
    DMA5_IRQHandler                          0x00000639   Thumb Code     0  startup_mk64f12.o(.text)
    DMA6_IRQHandler                          0x00000639   Thumb Code     0  startup_mk64f12.o(.text)
    DMA7_IRQHandler                          0x00000639   Thumb Code     0  startup_mk64f12.o(.text)
    DMA8_IRQHandler                          0x00000639   Thumb Code     0  startup_mk64f12.o(.text)
    DMA9_IRQHandler                          0x00000639   Thumb Code     0  startup_mk64f12.o(.text)
    DMA_Error_IRQHandler                     0x00000639   Thumb Code     0  startup_mk64f12.o(.text)
    DefaultISR                               0x00000639   Thumb Code     0  startup_mk64f12.o(.text)
    ENET_1588_Timer_IRQHandler               0x00000639   Thumb Code     0  startup_mk64f12.o(.text)
    ENET_Error_IRQHandler                    0x00000639   Thumb Code     0  startup_mk64f12.o(.text)
    ENET_Receive_IRQHandler                  0x00000639   Thumb Code     0  startup_mk64f12.o(.text)
    ENET_Transmit_IRQHandler                 0x00000639   Thumb Code     0  startup_mk64f12.o(.text)
    FTFE_IRQHandler                          0x00000639   Thumb Code     0  startup_mk64f12.o(.text)
    FTM0_IRQHandler                          0x00000639   Thumb Code     0  startup_mk64f12.o(.text)
    FTM1_IRQHandler                          0x00000639   Thumb Code     0  startup_mk64f12.o(.text)
    FTM2_IRQHandler                          0x00000639   Thumb Code     0  startup_mk64f12.o(.text)
    FTM3_IRQHandler                          0x00000639   Thumb Code     0  startup_mk64f12.o(.text)
    I2C0_IRQHandler                          0x00000639   Thumb Code     0  startup_mk64f12.o(.text)
    I2C1_IRQHandler                          0x00000639   Thumb Code     0  startup_mk64f12.o(.text)
    I2C2_IRQHandler                          0x00000639   Thumb Code     0  startup_mk64f12.o(.text)
    I2S0_Rx_IRQHandler                       0x00000639   Thumb Code     0  startup_mk64f12.o(.text)
    I2S0_Tx_IRQHandler                       0x00000639   Thumb Code     0  startup_mk64f12.o(.text)
    LLW_IRQHandler                           0x00000639   Thumb Code     0  startup_mk64f12.o(.text)
    LPTimer_IRQHandler                       0x00000639   Thumb Code     0  startup_mk64f12.o(.text)
    LVD_LVW_IRQHandler                       0x00000639   Thumb Code     0  startup_mk64f12.o(.text)
    MCG_IRQHandler                           0x00000639   Thumb Code     0  startup_mk64f12.o(.text)
    MCM_IRQHandler                           0x00000639   Thumb Code     0  startup_mk64f12.o(.text)
    PDB0_IRQHandler                          0x00000639   Thumb Code     0  startup_mk64f12.o(.text)
    PIT0_IRQHandler                          0x00000639   Thumb Code     0  startup_mk64f12.o(.text)
    PIT1_IRQHandler                          0x00000639   Thumb Code     0  startup_mk64f12.o(.text)
    PIT2_IRQHandler                          0x00000639   Thumb Code     0  startup_mk64f12.o(.text)
    PIT3_IRQHandler                          0x00000639   Thumb Code     0  startup_mk64f12.o(.text)
    PORTA_IRQHandler                         0x00000639   Thumb Code     0  startup_mk64f12.o(.text)
    PORTB_IRQHandler                         0x00000639   Thumb Code     0  startup_mk64f12.o(.text)
    PORTC_IRQHandler                         0x00000639   Thumb Code     0  startup_mk64f12.o(.text)
    PORTD_IRQHandler                         0x00000639   Thumb Code     0  startup_mk64f12.o(.text)
    PORTE_IRQHandler                         0x00000639   Thumb Code     0  startup_mk64f12.o(.text)
    RNG_IRQHandler                           0x00000639   Thumb Code     0  startup_mk64f12.o(.text)
    RTC_IRQHandler                           0x00000639   Thumb Code     0  startup_mk64f12.o(.text)
    RTC_Seconds_IRQHandler                   0x00000639   Thumb Code     0  startup_mk64f12.o(.text)
    Read_Collision_IRQHandler                0x00000639   Thumb Code     0  startup_mk64f12.o(.text)
    Reserved71_IRQHandler                    0x00000639   Thumb Code     0  startup_mk64f12.o(.text)
    SDHC_IRQHandler                          0x00000639   Thumb Code     0  startup_mk64f12.o(.text)
    SPI0_IRQHandler                          0x00000639   Thumb Code     0  startup_mk64f12.o(.text)
    SPI1_IRQHandler                          0x00000639   Thumb Code     0  startup_mk64f12.o(.text)
    SPI2_IRQHandler                          0x00000639   Thumb Code     0  startup_mk64f12.o(.text)
    SWI_IRQHandler                           0x00000639   Thumb Code     0  startup_mk64f12.o(.text)
    UART0_ERR_IRQHandler                     0x00000639   Thumb Code     0  startup_mk64f12.o(.text)
    UART0_LON_IRQHandler                     0x00000639   Thumb Code     0  startup_mk64f12.o(.text)
    UART0_RX_TX_IRQHandler                   0x00000639   Thumb Code     0  startup_mk64f12.o(.text)
    UART1_ERR_IRQHandler                     0x00000639   Thumb Code     0  startup_mk64f12.o(.text)
    UART1_RX_TX_IRQHandler                   0x00000639   Thumb Code     0  startup_mk64f12.o(.text)
    UART2_ERR_IRQHandler                     0x00000639   Thumb Code     0  startup_mk64f12.o(.text)
    UART2_RX_TX_IRQHandler                   0x00000639   Thumb Code     0  startup_mk64f12.o(.text)
    UART3_ERR_IRQHandler                     0x00000639   Thumb Code     0  startup_mk64f12.o(.text)
    UART3_RX_TX_IRQHandler                   0x00000639   Thumb Code     0  startup_mk64f12.o(.text)
    UART4_ERR_IRQHandler                     0x00000639   Thumb Code     0  startup_mk64f12.o(.text)
    UART4_RX_TX_IRQHandler                   0x00000639   Thumb Code     0  startup_mk64f12.o(.text)
    UART5_ERR_IRQHandler                     0x00000639   Thumb Code     0  startup_mk64f12.o(.text)
    UART5_RX_TX_IRQHandler                   0x00000639   Thumb Code     0  startup_mk64f12.o(.text)
    USB0_IRQHandler                          0x00000639   Thumb Code     0  startup_mk64f12.o(.text)
    USBDCD_IRQHandler                        0x00000639   Thumb Code     0  startup_mk64f12.o(.text)
    Watchdog_IRQHandler                      0x00000639   Thumb Code     0  startup_mk64f12.o(.text)
    __user_initial_stackheap                 0x0000063d   Thumb Code     0  startup_mk64f12.o(.text)
    SystemInit                               0x00000661   Thumb Code   230  system_mk64f12.o(.text)
    SystemCoreClockUpdate                    0x00000747   Thumb Code   324  system_mk64f12.o(.text)
    arm_cmplx_mag_f32                        0x000008b9   Thumb Code   246  arm_cmplx_mag_f32.o(.text)
    arm_cfft_radix8by2_f32                   0x000009b5   Thumb Code   398  arm_cfft_f32.o(.text)
    arm_cfft_radix8by4_f32                   0x00000b43   Thumb Code  1098  arm_cfft_f32.o(.text)
    arm_cfft_f32                             0x00000f8d   Thumb Code   330  arm_cfft_f32.o(.text)
    arm_max_f32                              0x000010d9   Thumb Code   216  arm_max_f32.o(.text)
    arm_radix8_butterfly_f32                 0x000011b1   Thumb Code  1244  arm_cfft_radix8_f32.o(.text)
    __use_two_region_memory                  0x0000168d   Thumb Code     2  heapauxi.o(.text)
    __rt_heap_escrow$2region                 0x0000168f   Thumb Code     2  heapauxi.o(.text)
    __rt_heap_expand$2region                 0x00001691   Thumb Code     2  heapauxi.o(.text)
    __user_setup_stackheap                   0x00001693   Thumb Code    74  sys_stackheap_outer.o(.text)
    exit                                     0x000016dd   Thumb Code    18  exit.o(.text)
    __user_libspace                          0x000016f1   Thumb Code     8  libspace.o(.text)
    __user_perproc_libspace                  0x000016f1   Thumb Code     0  libspace.o(.text)
    __user_perthread_libspace                0x000016f1   Thumb Code     0  libspace.o(.text)
    _sys_exit                                0x000016f9   Thumb Code     8  sys_exit.o(.text)
    __I$use$semihosting                      0x00001705   Thumb Code     0  use_no_semi.o(.text)
    __use_no_semihosting_swi                 0x00001705   Thumb Code     2  use_no_semi.o(.text)
    __semihosting_library_function           0x00001707   Thumb Code     0  indicate_semi.o(.text)
    _fp_init                                 0x00001707   Thumb Code    10  fpinit.o(x$fpl$fpinit)
    __fplib_config_fpu_vfp                   0x0000170f   Thumb Code     0  fpinit.o(x$fpl$fpinit)
    __fplib_config_pureend_doubles           0x0000170f   Thumb Code     0  fpinit.o(x$fpl$fpinit)
    arm_cfft_sR_f32_len1024                  0x00001710   Data          16  arm_const_structs.o(.constdata)
    twiddleCoef_1024                         0x00001720   Data        8192  arm_common_tables.o(.constdata)
    armBitRevIndexTable1024                  0x00003720   Data        3600  arm_common_tables.o(.constdata)
    Region$$Table$$Base                      0x00004530   Number         0  anon$$obj.o(Region$$Table)
    Region$$Table$$Limit                     0x00004550   Number         0  anon$$obj.o(Region$$Table)
    testInput_f32_10khz                      0x20000000   Data        8192  arm_fft_bin_data.o(.data)
    fftSize                                  0x20002000   Data           4  arm_fft_bin_example_f32.o(.data)
    ifftFlag                                 0x20002004   Data           4  arm_fft_bin_example_f32.o(.data)
    doBitReverse                             0x20002008   Data           4  arm_fft_bin_example_f32.o(.data)
    refIndex                                 0x2000200c   Data           4  arm_fft_bin_example_f32.o(.data)
    testIndex                                0x20002010   Data           4  arm_fft_bin_example_f32.o(.data)
    SystemCoreClock                          0x20002014   Data           4  system_mk64f12.o(.data)
    __libspace_start                         0x20003018   Data          96  libspace.o(.bss)
    __temporary_stack_top$libspace           0x20003078   Data           0  libspace.o(.bss)



==============================================================================

Memory Map of the image

  Image Entry point : 0x0000061b

  Load Region LR_1 (Base: 0x00000000, Size: 0x00006568, Max: 0xffffffff, ABSOLUTE, COMPRESSED[0x00005930])

    Execution Region ER_RO (Exec base: 0x00000000, Load base: 0x00000000, Size: 0x00004550, Max: 0xffffffff, ABSOLUTE)

    Exec Addr    Load Addr    Size         Type   Attr      Idx    E Section Name        Object

    0x00000000   0x00000000   0x00000400   Data   RO           89    RESET               startup_mk64f12.o
    0x00000400   0x00000400   0x00000010   Code   RO           90    .ARM.__at_0x400     startup_mk64f12.o
    0x00000410   0x00000410   0x00000008   Code   RO          484  * !!!main             c_w.l(__main.o)
    0x00000418   0x00000418   0x00000034   Code   RO          643    !!!scatter          c_w.l(__scatter.o)
    0x0000044c   0x0000044c   0x0000005a   Code   RO          641    !!dczerorl2         c_w.l(__dczerorl2.o)
    0x000004a6   0x000004a6   0x00000002   PAD
    0x000004a8   0x000004a8   0x0000001c   Code   RO          645    !!handler_zi        c_w.l(__scatter_zi.o)
    0x000004c4   0x000004c4   0x000000c0   Code   RO          394    . text              arm_cortexM4lf_math.lib(arm_bitreversal2.o)
    0x00000584   0x00000584   0x00000002   Code   RO          511    .ARM.Collect$$libinit$$00000000  c_w.l(libinit.o)
    0x00000586   0x00000586   0x00000004   Code   RO          517    .ARM.Collect$$libinit$$00000001  c_w.l(libinit2.o)
    0x0000058a   0x0000058a   0x00000000   Code   RO          520    .ARM.Collect$$libinit$$00000004  c_w.l(libinit2.o)
    0x0000058a   0x0000058a   0x00000000   Code   RO          523    .ARM.Collect$$libinit$$0000000A  c_w.l(libinit2.o)
    0x0000058a   0x0000058a   0x00000000   Code   RO          525    .ARM.Collect$$libinit$$0000000C  c_w.l(libinit2.o)
    0x0000058a   0x0000058a   0x00000000   Code   RO          527    .ARM.Collect$$libinit$$0000000E  c_w.l(libinit2.o)
    0x0000058a   0x0000058a   0x00000000   Code   RO          530    .ARM.Collect$$libinit$$00000011  c_w.l(libinit2.o)
    0x0000058a   0x0000058a   0x00000000   Code   RO          532    .ARM.Collect$$libinit$$00000013  c_w.l(libinit2.o)
    0x0000058a   0x0000058a   0x00000000   Code   RO          534    .ARM.Collect$$libinit$$00000015  c_w.l(libinit2.o)
    0x0000058a   0x0000058a   0x00000000   Code   RO          536    .ARM.Collect$$libinit$$00000017  c_w.l(libinit2.o)
    0x0000058a   0x0000058a   0x00000000   Code   RO          538    .ARM.Collect$$libinit$$00000019  c_w.l(libinit2.o)
    0x0000058a   0x0000058a   0x00000000   Code   RO          540    .ARM.Collect$$libinit$$0000001B  c_w.l(libinit2.o)
    0x0000058a   0x0000058a   0x00000000   Code   RO          542    .ARM.Collect$$libinit$$0000001D  c_w.l(libinit2.o)
    0x0000058a   0x0000058a   0x00000000   Code   RO          544    .ARM.Collect$$libinit$$0000001F  c_w.l(libinit2.o)
    0x0000058a   0x0000058a   0x00000000   Code   RO          546    .ARM.Collect$$libinit$$00000021  c_w.l(libinit2.o)
    0x0000058a   0x0000058a   0x00000000   Code   RO          548    .ARM.Collect$$libinit$$00000023  c_w.l(libinit2.o)
    0x0000058a   0x0000058a   0x00000000   Code   RO          550    .ARM.Collect$$libinit$$00000025  c_w.l(libinit2.o)
    0x0000058a   0x0000058a   0x00000000   Code   RO          554    .ARM.Collect$$libinit$$0000002C  c_w.l(libinit2.o)
    0x0000058a   0x0000058a   0x00000000   Code   RO          556    .ARM.Collect$$libinit$$0000002E  c_w.l(libinit2.o)
    0x0000058a   0x0000058a   0x00000000   Code   RO          558    .ARM.Collect$$libinit$$00000030  c_w.l(libinit2.o)
    0x0000058a   0x0000058a   0x00000000   Code   RO          560    .ARM.Collect$$libinit$$00000032  c_w.l(libinit2.o)
    0x0000058a   0x0000058a   0x00000002   Code   RO          561    .ARM.Collect$$libinit$$00000033  c_w.l(libinit2.o)
    0x0000058c   0x0000058c   0x00000002   Code   RO          581    .ARM.Collect$$libshutdown$$00000000  c_w.l(libshutdown.o)
    0x0000058e   0x0000058e   0x00000000   Code   RO          594    .ARM.Collect$$libshutdown$$00000002  c_w.l(libshutdown2.o)
    0x0000058e   0x0000058e   0x00000000   Code   RO          596    .ARM.Collect$$libshutdown$$00000004  c_w.l(libshutdown2.o)
    0x0000058e   0x0000058e   0x00000000   Code   RO          599    .ARM.Collect$$libshutdown$$00000007  c_w.l(libshutdown2.o)
    0x0000058e   0x0000058e   0x00000000   Code   RO          602    .ARM.Collect$$libshutdown$$0000000A  c_w.l(libshutdown2.o)
    0x0000058e   0x0000058e   0x00000000   Code   RO          604    .ARM.Collect$$libshutdown$$0000000C  c_w.l(libshutdown2.o)
    0x0000058e   0x0000058e   0x00000000   Code   RO          607    .ARM.Collect$$libshutdown$$0000000F  c_w.l(libshutdown2.o)
    0x0000058e   0x0000058e   0x00000002   Code   RO          608    .ARM.Collect$$libshutdown$$00000010  c_w.l(libshutdown2.o)
    0x00000590   0x00000590   0x00000000   Code   RO          486    .ARM.Collect$$rtentry$$00000000  c_w.l(__rtentry.o)
    0x00000590   0x00000590   0x00000000   Code   RO          488    .ARM.Collect$$rtentry$$00000002  c_w.l(__rtentry2.o)
    0x00000590   0x00000590   0x00000006   Code   RO          500    .ARM.Collect$$rtentry$$00000004  c_w.l(__rtentry4.o)
    0x00000596   0x00000596   0x00000000   Code   RO          490    .ARM.Collect$$rtentry$$00000009  c_w.l(__rtentry2.o)
    0x00000596   0x00000596   0x00000004   Code   RO          491    .ARM.Collect$$rtentry$$0000000A  c_w.l(__rtentry2.o)
    0x0000059a   0x0000059a   0x00000000   Code   RO          493    .ARM.Collect$$rtentry$$0000000C  c_w.l(__rtentry2.o)
    0x0000059a   0x0000059a   0x00000008   Code   RO          494    .ARM.Collect$$rtentry$$0000000D  c_w.l(__rtentry2.o)
    0x000005a2   0x000005a2   0x00000002   Code   RO          515    .ARM.Collect$$rtexit$$00000000  c_w.l(rtexit.o)
    0x000005a4   0x000005a4   0x00000000   Code   RO          563    .ARM.Collect$$rtexit$$00000002  c_w.l(rtexit2.o)
    0x000005a4   0x000005a4   0x00000004   Code   RO          564    .ARM.Collect$$rtexit$$00000003  c_w.l(rtexit2.o)
    0x000005a8   0x000005a8   0x00000006   Code   RO          565    .ARM.Collect$$rtexit$$00000004  c_w.l(rtexit2.o)
    0x000005ae   0x000005ae   0x00000002   PAD
    0x000005b0   0x000005b0   0x00000068   Code   RO           53    .text               arm_fft_bin_example_f32.o
    0x00000618   0x00000618   0x00000048   Code   RO           91  * .text               startup_mk64f12.o
    0x00000660   0x00000660   0x00000258   Code   RO          100    .text               system_mk64f12.o
    0x000008b8   0x000008b8   0x000000fc   Code   RO          137    .text               arm_cortexM4lf_math.lib(arm_cmplx_mag_f32.o)
    0x000009b4   0x000009b4   0x00000722   Code   RO          183    .text               arm_cortexM4lf_math.lib(arm_cfft_f32.o)
    0x000010d6   0x000010d6   0x00000002   PAD
    0x000010d8   0x000010d8   0x000000d8   Code   RO          214    .text               arm_cortexM4lf_math.lib(arm_max_f32.o)
    0x000011b0   0x000011b0   0x000004dc   Code   RO          373    .text               arm_cortexM4lf_math.lib(arm_cfft_radix8_f32.o)
    0x0000168c   0x0000168c   0x00000006   Code   RO          482    .text               c_w.l(heapauxi.o)
    0x00001692   0x00001692   0x0000004a   Code   RO          502    .text               c_w.l(sys_stackheap_outer.o)
    0x000016dc   0x000016dc   0x00000012   Code   RO          504    .text               c_w.l(exit.o)
    0x000016ee   0x000016ee   0x00000002   PAD
    0x000016f0   0x000016f0   0x00000008   Code   RO          512    .text               c_w.l(libspace.o)
    0x000016f8   0x000016f8   0x0000000c   Code   RO          573    .text               c_w.l(sys_exit.o)
    0x00001704   0x00001704   0x00000002   Code   RO          584    .text               c_w.l(use_no_semi.o)
    0x00001706   0x00001706   0x00000000   Code   RO          586    .text               c_w.l(indicate_semi.o)
    0x00001706   0x00001706   0x0000000a   Code   RO          571    x$fpl$fpinit        g_wm.l(fpinit.o)
    0x00001710   0x00001710   0x00000010   Data   RO          244    .constdata          arm_cortexM4lf_math.lib(arm_const_structs.o)
    0x00001720   0x00001720   0x00002000   Data   RO          408    .constdata          arm_cortexM4lf_math.lib(arm_common_tables.o)
    0x00003720   0x00003720   0x00000e10   Data   RO          437    .constdata          arm_cortexM4lf_math.lib(arm_common_tables.o)
    0x00004530   0x00004530   0x00000020   Data   RO          639    Region$$Table       anon$$obj.o


    Execution Region ER_RW (Exec base: 0x20000000, Load base: 0x00004550, Size: 0x00002018, Max: 0xffffffff, ABSOLUTE, COMPRESSED[0x000013e0])

    Exec Addr    Load Addr    Size         Type   Attr      Idx    E Section Name        Object

    0x20000000   COMPRESSED   0x00002000   Data   RW            4    .data               arm_fft_bin_data.o
    0x20002000   COMPRESSED   0x00000014   Data   RW           55    .data               arm_fft_bin_example_f32.o
    0x20002014   COMPRESSED   0x00000004   Data   RW          101    .data               system_mk64f12.o


    Execution Region ER_ZI (Exec base: 0x20002018, Load base: 0x00005930, Size: 0x00001460, Max: 0xffffffff, ABSOLUTE)

    Exec Addr    Load Addr    Size         Type   Attr      Idx    E Section Name        Object

    0x20002018        -       0x00001000   Zero   RW           54    .bss                arm_fft_bin_example_f32.o
    0x20003018        -       0x00000060   Zero   RW          513    .bss                c_w.l(libspace.o)
    0x20003078        -       0x00000000   Zero   RW           88    HEAP                startup_mk64f12.o
    0x20003078        -       0x00000400   Zero   RW           87    STACK               startup_mk64f12.o


==============================================================================

Image component sizes


      Code (inc. data)   RO Data    RW Data    ZI Data      Debug   Object Name

         0          0          0       8192          0      18598   arm_fft_bin_data.o
       104         34          0         20       4096       1552   arm_fft_bin_example_f32.o
        88         44       1024          0       1024       1228   startup_mk64f12.o
       600         54          0          4          0       1457   system_mk64f12.o

    ----------------------------------------------------------------------
       792        132       1056       8216       5120      22835   Object Totals
         0          0         32          0          0          0   (incl. Generated)
         0          0          0          0          0          0   (incl. Padding)

    ----------------------------------------------------------------------

      Code (inc. data)   RO Data    RW Data    ZI Data      Debug   Library Member Name

       192          0          0          0          0        572   arm_bitreversal2.o
      1826          0          0          0          0      17385   arm_cfft_f32.o
      1244          4          0          0          0       3123   arm_cfft_radix8_f32.o
       252          6          0          0          0      17652   arm_cmplx_mag_f32.o
         0          0      11792          0          0       4704   arm_common_tables.o
         0          0         16          0          0       4212   arm_const_structs.o
       216          0          0          0          0       1742   arm_max_f32.o
        90          0          0          0          0          0   __dczerorl2.o
         8          0          0          0          0         68   __main.o
         0          0          0          0          0          0   __rtentry.o
        12          0          0          0          0          0   __rtentry2.o
         6          0          0          0          0          0   __rtentry4.o
        52          8          0          0          0          0   __scatter.o
        28          0          0          0          0          0   __scatter_zi.o
        18          0          0          0          0         80   exit.o
         6          0          0          0          0        152   heapauxi.o
         0          0          0          0          0          0   indicate_semi.o
         2          0          0          0          0          0   libinit.o
         6          0          0          0          0          0   libinit2.o
         2          0          0          0          0          0   libshutdown.o
         2          0          0          0          0          0   libshutdown2.o
         8          4          0          0         96         68   libspace.o
         2          0          0          0          0          0   rtexit.o
        10          0          0          0          0          0   rtexit2.o
        12          4          0          0          0         68   sys_exit.o
        74          0          0          0          0         80   sys_stackheap_outer.o
         2          0          0          0          0         68   use_no_semi.o
        10          0          0          0          0        116   fpinit.o

    ----------------------------------------------------------------------
      4088         26      11808          0         96      50090   Library Totals
         8          0          0          0          0          0   (incl. Padding)

    ----------------------------------------------------------------------

      Code (inc. data)   RO Data    RW Data    ZI Data      Debug   Library Name

      3730         10      11808          0          0      49390   arm_cortexM4lf_math.lib
       340         16          0          0         96        584   c_w.l
        10          0          0          0          0        116   g_wm.l

    ----------------------------------------------------------------------
      4088         26      11808          0         96      50090   Library Totals

    ----------------------------------------------------------------------

==============================================================================


      Code (inc. data)   RO Data    RW Data    ZI Data      Debug   

      4880        158      12864       8216       5216      72369   Grand Totals
      4880        158      12864       5088       5216      72369   ELF Image Totals (compressed)
      4880        158      12864       5088          0          0   ROM Totals

==============================================================================

    Total RO  Size (Code + RO Data)                17744 (  17.33kB)
    Total RW  Size (RW Data + ZI Data)             13432 (  13.12kB)
    Total ROM Size (Code + RO Data + RW Data)      22832 (  22.30kB)

==============================================================================

